// Jest Snapshot v1, https://goo.gl/fbAQLP

exports[`Component/ES6/PositionedSlideShell/Unit Test renders as expected 1`] = `
<section
  className="sc-htoDjs dnOwue"
>
  <section
    className="sc-bdVaJa kZpTwA"
    style={null}
  >
    <section
      className="sc-htpNat jILPxC"
    >
      <span
        className="sc-ifAKCX fYEscZ"
      >
        
      </span>
      <span
        className="sc-EHOje epUoHW"
      >
        
      </span>
      <span
        className="sc-bZQynM iVzJoL"
      >
        
      </span>
    </section>
    <section
      className="sc-gzVnrw ecJclC"
    >
      <img
        alt="slide-background"
        className="sc-bxivhb haYJEf"
        src={null}
      />
    </section>
  </section>
</section>
`;
