// Jest Snapshot v1, https://goo.gl/fbAQLP

exports[`FormInput renders as expected 1`] = `
<div
  className="form-group"
>
  <label
    className=" form-control-label"
    htmlFor=""
  >
    
  </label>
  <input
    className="form-control"
    name="aTestInputField"
    placeholder="your text here"
    type="text"
    value=""
  />
</div>
`;
