// Jest Snapshot v1, https://goo.gl/fbAQLP

exports[`LoadingMask renders as expected 1`] = `
<section
  className="MaskingBackgroundContainer-goHeYq hxtXxm"
>
  <img
    className="LogoContainer-byHpFi dcqnxi"
    src="IMAGE_MOCK"
  />
  <section
    className="LoadingBarContainer-iZnhQC iRpnww"
  >
    <div
      className="Bar-gSSpUe eThZd"
    />
  </section>
</section>
`;
