// Jest Snapshot v1, https://goo.gl/fbAQLP

exports[`LoadingScreen renders as expected 1`] = `
<section
  className="sc-bwzfXH hvAhux"
>
  <img
    className="sc-ifAKCX jmfedv"
    src=""
  />
  <section
    className="sc-EHOje cZAkwI"
  >
    <div
      className="sc-bdVaJa fCebmG"
    />
  </section>
</section>
`;
